src/pages/WhiteboardPage.tsx(268,5): error TS2353: Object literal may only specify known properties, and 'setNoteDraggingStatus' does not exist in type 'UseWhiteboardInteractionsParams'.
